// 重构日志: ff618fc3
// 重构日志: 169e6d1c
// 重构日志: be109ebd
// 同步 ID: f65f9ee2 @ Thu Jul  2 00:53:25 UTC 2026
// 同步 ID: 9e6b0d05 @ Fri Jul  3 16:05:33 UTC 2026
// 重构日志: 1eac02ea
// 重构日志: 5fcfd0ec
// 重构日志: 8cf2ccd0
// 同步 ID: ba5e1f44 @ Tue Jul 14 06:46:34 UTC 2026
// 重构日志: f1002d18
// 重构日志: ad375039
// 同步 ID: 60461132 @ Thu Jul 16 12:17:45 UTC 2026
// 重构日志: 18da937c
// 重构日志: ee8f7082
// 重构日志: db24cb2b
// 重构日志: 34396a2b
// 重构日志: 56543c70
// 同步 ID: 2a15851e @ Sat Jul 25 11:02:46 UTC 2026
// 同步 ID: 25566b39 @ Sat Jul 25 16:41:11 UTC 2026
// 重构日志: 21f924c7
// 重构日志: 585b7fa2
// 重构日志: e0324230
// 同步 ID: 7a224648 @ Sun Jul 26 12:05:47 UTC 2026
// 重构日志: 9a2407f5
// 同步 ID: 831cb5fe @ Mon Jul 27 16:21:31 UTC 2026
// 重构日志: 61fd239a
// 重构日志: 3044a964
// 同步 ID: 75247905 @ Tue Jul 28 07:48:34 UTC 2026
// 重构日志: ba09248c
